+ proc=WJetsToQQ_13TeV-madgraphMLM-pythia8
+ nevts=2000
+ seed=60002
+ outdir=/eos/project/f/foundational-model-dataset/samples/pu200_ryliu
+ simdir=/afs/cern.ch/user/r/ryliu/public/simulation
+ is_test=True
+ [ True = True ]
+ date -u +%s
+ start_time=1712562947
+ pwd
+ workdir=/pool/condor/dir_553103
+ proc_outdir=/eos/project/f/foundational-model-dataset/samples/pu200_ryliu/WJetsToQQ_13TeV-madgraphMLM-pythia8-2000-60002
+ echo /eos/project/f/foundational-model-dataset/samples/pu200_ryliu/WJetsToQQ_13TeV-madgraphMLM-pythia8-2000-60002
+ echo workdir: /pool/condor/dir_553103
+ echo args: WJetsToQQ_13TeV-madgraphMLM-pythia8 2000 60002 /eos/project/f/foundational-model-dataset/samples/pu200_ryliu /afs/cern.ch/user/r/ryliu/public/simulation True
+ [ ! -d /afs/cern.ch/user/r/ryliu/public/simulation/processes/WJetsToQQ_13TeV-madgraphMLM-pythia8 ]
+ [ ! -e /afs/cern.ch/user/r/ryliu/public/simulation/processes/WJetsToQQ_13TeV-madgraphMLM-pythia8/WJetsToQQ_13TeV-madgraphMLM-pythia8_proc_card.dat ]
+ [ ! -e /afs/cern.ch/user/r/ryliu/public/simulation/processes/WJetsToQQ_13TeV-madgraphMLM-pythia8/WJetsToQQ_13TeV-madgraphMLM-pythia8_run_card.dat ]
+ [ True = True ]
+ date -u +%s
+ start_time_madgraph=1712562947
+ mkdir -p /eos/project/f/foundational-model-dataset/samples/pu200_ryliu/WJetsToQQ_13TeV-madgraphMLM-pythia8-2000-60002/
+ rm -r /eos/project/f/foundational-model-dataset/samples/pu200_ryliu/WJetsToQQ_13TeV-madgraphMLM-pythia8-2000-60002/*
rm: cannot remove '/eos/project/f/foundational-model-dataset/samples/pu200_ryliu/WJetsToQQ_13TeV-madgraphMLM-pythia8-2000-60002/*': No such file or directory
+ cp /afs/cern.ch/user/r/ryliu/public/simulation/processes/WJetsToQQ_13TeV-madgraphMLM-pythia8/WJetsToQQ_13TeV-madgraphMLM-pythia8_proc_card.dat /eos/project/f/foundational-model-dataset/samples/pu200_ryliu/WJetsToQQ_13TeV-madgraphMLM-pythia8-2000-60002/proc_card.dat
+ sed -i -e s@_OUTDIR_@/eos/project/f/foundational-model-dataset/samples/pu200_ryliu/WJetsToQQ_13TeV-madgraphMLM-pythia8-2000-60002@g /eos/project/f/foundational-model-dataset/samples/pu200_ryliu/WJetsToQQ_13TeV-madgraphMLM-pythia8-2000-60002/proc_card.dat
+ /usr/local/MG5_aMC_v3_5_3/bin/mg5_aMC /eos/project/f/foundational-model-dataset/samples/pu200_ryliu/WJetsToQQ_13TeV-madgraphMLM-pythia8-2000-60002/proc_card.dat
tar: Cards: file changed as we read it
tar: SubProcesses/P3_qq_wm: file changed as we read it
tar: SubProcesses/P4_gq_wmq: file changed as we read it
tar: SubProcesses/P4_qq_wmg: file changed as we read it
tar: SubProcesses/P5_gg_wmqq: file changed as we read it
tar: SubProcesses/P5_gq_wmgq: file changed as we read it
tar: SubProcesses/P5_qq_wmgg: file changed as we read it
tar: SubProcesses/P5_qq_wmqq: file changed as we read it
tar: bin: file changed as we read it
tar: Events: file changed as we read it
+ [ True = True ]
+ date -u +%s
+ end_time_madgraph=1712563027
+ cp /afs/cern.ch/user/r/ryliu/public/simulation/cards/delphes_card.dat /afs/cern.ch/user/r/ryliu/public/simulation/cards/launchrun.dat /afs/cern.ch/user/r/ryliu/public/simulation/cards/muonLooseId.tcl /afs/cern.ch/user/r/ryliu/public/simulation/cards/muonMomentumResolution.tcl /afs/cern.ch/user/r/ryliu/public/simulation/cards/muonTightId.tcl /eos/project/f/foundational-model-dataset/samples/pu200_ryliu/WJetsToQQ_13TeV-madgraphMLM-pythia8-2000-60002/Cards/
+ cp /afs/cern.ch/user/r/ryliu/public/simulation/processes/WJetsToQQ_13TeV-madgraphMLM-pythia8/WJetsToQQ_13TeV-madgraphMLM-pythia8_run_card.dat /eos/project/f/foundational-model-dataset/samples/pu200_ryliu/WJetsToQQ_13TeV-madgraphMLM-pythia8-2000-60002/Cards/run_card.dat
+ [ -e /afs/cern.ch/user/r/ryliu/public/simulation/processes/WJetsToQQ_13TeV-madgraphMLM-pythia8/WJetsToQQ_13TeV-madgraphMLM-pythia8_cuts.f ]
+ [ -e /afs/cern.ch/user/r/ryliu/public/simulation/processes/WJetsToQQ_13TeV-madgraphMLM-pythia8/WJetsToQQ_13TeV-madgraphMLM-pythia8_FKS_params.dat ]
+ [ -e /afs/cern.ch/user/r/ryliu/public/simulation/processes/WJetsToQQ_13TeV-madgraphMLM-pythia8/WJetsToQQ_13TeV-madgraphMLM-pythia8_setscales.f ]
+ [ -e /afs/cern.ch/user/r/ryliu/public/simulation/processes/WJetsToQQ_13TeV-madgraphMLM-pythia8/WJetsToQQ_13TeV-madgraphMLM-pythia8_reweight_xsec.f ]
+ [ -e /afs/cern.ch/user/r/ryliu/public/simulation/processes/WJetsToQQ_13TeV-madgraphMLM-pythia8/WJetsToQQ_13TeV-madgraphMLM-pythia8_reweight_card.dat ]
+ [ -e /afs/cern.ch/user/r/ryliu/public/simulation/processes/WJetsToQQ_13TeV-madgraphMLM-pythia8/WJetsToQQ_13TeV-madgraphMLM-pythia8_param_card.dat ]
+ [ -e /afs/cern.ch/user/r/ryliu/public/simulation/processes/WJetsToQQ_13TeV-madgraphMLM-pythia8/WJetsToQQ_13TeV-madgraphMLM-pythia8_madspin_card.dat ]
+ echo set nevents 2000
+ [ -e /afs/cern.ch/user/r/ryliu/public/simulation/processes/WJetsToQQ_13TeV-madgraphMLM-pythia8/WJetsToQQ_13TeV-madgraphMLM-pythia8_customizecards.dat ]
+ echo done
+ sed -i -e s@_NEVENTS_@2000@g /eos/project/f/foundational-model-dataset/samples/pu200_ryliu/WJetsToQQ_13TeV-madgraphMLM-pythia8-2000-60002/Cards/run_card.dat
+ sed -i -e s@_PileUpFile_@/afs/cern.ch/user/r/ryliu/public/simulation/MinBias_100k.pileup@g /eos/project/f/foundational-model-dataset/samples/pu200_ryliu/WJetsToQQ_13TeV-madgraphMLM-pythia8-2000-60002/Cards/delphes_card.dat
+ sed -i -e s@_ISEED_@60002@g /eos/project/f/foundational-model-dataset/samples/pu200_ryliu/WJetsToQQ_13TeV-madgraphMLM-pythia8-2000-60002/Cards/run_card.dat
+ [ True = True ]
+ date -u +%s
+ start_time_pythia_delphes=1712563028
+ /eos/project/f/foundational-model-dataset/samples/pu200_ryliu/WJetsToQQ_13TeV-madgraphMLM-pythia8-2000-60002/bin/madevent /eos/project/f/foundational-model-dataset/samples/pu200_ryliu/WJetsToQQ_13TeV-madgraphMLM-pythia8-2000-60002/Cards/launchrun.dat
stty: 'standard input': Inappropriate ioctl for device
+ [ True = True ]
+ date -u +%s
+ end_time_pythia_delphes=1712565218
+ cd /eos/project/f/foundational-model-dataset/samples/pu200_ryliu/WJetsToQQ_13TeV-madgraphMLM-pythia8-2000-60002
+ mv Events/run_01/WJets_delphes_events.root .
+ ls .
+ grep -xvi validation_plots\|.*root
+ xargs rm -r
+ [ True = True ]
+ python3 /afs/cern.ch/user/r/ryliu/public/simulation/make_plots.py -p /eos/project/f/foundational-model-dataset/samples/pu200_ryliu/WJetsToQQ_13TeV-madgraphMLM-pythia8-2000-60002/ -v /afs/cern.ch/user/r/ryliu/public/simulation/validation_config.yaml
+ date -u +%s
+ end_time=1712565245
+ elapsed_madgraph=80
+ elapsed_pythia_delphes=2190
+ elapsed_total=2298
+ echo Time madgraph: 80 seconds
+ echo Time pythia+delphes: 2190 seconds
+ echo Time end-to-end execution: 2298
+ echo Done!
