+ proc=DYJetsToLL_13TeV-madgraphMLM-pythia8
+ nevts=2000
+ seed=3
+ outdir=/eos/project/f/foundational-model-dataset/samples/pu200_ryliu
+ simdir=/afs/cern.ch/user/r/ryliu/public/simulation
+ is_test=True
+ [ True = True ]
+ date -u +%s
+ start_time=1712562936
+ pwd
+ workdir=/pool/condor/dir_626455
+ proc_outdir=/eos/project/f/foundational-model-dataset/samples/pu200_ryliu/DYJetsToLL_13TeV-madgraphMLM-pythia8-2000-3
+ echo /eos/project/f/foundational-model-dataset/samples/pu200_ryliu/DYJetsToLL_13TeV-madgraphMLM-pythia8-2000-3
+ echo workdir: /pool/condor/dir_626455
+ echo args: DYJetsToLL_13TeV-madgraphMLM-pythia8 2000 3 /eos/project/f/foundational-model-dataset/samples/pu200_ryliu /afs/cern.ch/user/r/ryliu/public/simulation True
+ [ ! -d /afs/cern.ch/user/r/ryliu/public/simulation/processes/DYJetsToLL_13TeV-madgraphMLM-pythia8 ]
+ [ ! -e /afs/cern.ch/user/r/ryliu/public/simulation/processes/DYJetsToLL_13TeV-madgraphMLM-pythia8/DYJetsToLL_13TeV-madgraphMLM-pythia8_proc_card.dat ]
+ [ ! -e /afs/cern.ch/user/r/ryliu/public/simulation/processes/DYJetsToLL_13TeV-madgraphMLM-pythia8/DYJetsToLL_13TeV-madgraphMLM-pythia8_run_card.dat ]
+ [ True = True ]
+ date -u +%s
+ start_time_madgraph=1712562936
+ mkdir -p /eos/project/f/foundational-model-dataset/samples/pu200_ryliu/DYJetsToLL_13TeV-madgraphMLM-pythia8-2000-3/
+ rm -r /eos/project/f/foundational-model-dataset/samples/pu200_ryliu/DYJetsToLL_13TeV-madgraphMLM-pythia8-2000-3/*
rm: cannot remove '/eos/project/f/foundational-model-dataset/samples/pu200_ryliu/DYJetsToLL_13TeV-madgraphMLM-pythia8-2000-3/*': No such file or directory
+ cp /afs/cern.ch/user/r/ryliu/public/simulation/processes/DYJetsToLL_13TeV-madgraphMLM-pythia8/DYJetsToLL_13TeV-madgraphMLM-pythia8_proc_card.dat /eos/project/f/foundational-model-dataset/samples/pu200_ryliu/DYJetsToLL_13TeV-madgraphMLM-pythia8-2000-3/proc_card.dat
+ sed -i -e s@_OUTDIR_@/eos/project/f/foundational-model-dataset/samples/pu200_ryliu/DYJetsToLL_13TeV-madgraphMLM-pythia8-2000-3@g /eos/project/f/foundational-model-dataset/samples/pu200_ryliu/DYJetsToLL_13TeV-madgraphMLM-pythia8-2000-3/proc_card.dat
+ /usr/local/MG5_aMC_v3_5_3/bin/mg5_aMC /eos/project/f/foundational-model-dataset/samples/pu200_ryliu/DYJetsToLL_13TeV-madgraphMLM-pythia8-2000-3/proc_card.dat
tar: Cards: file changed as we read it
tar: SubProcesses/P0_qq_ll: file changed as we read it
tar: SubProcesses/P0_qq_taptam: file changed as we read it
tar: SubProcesses/P1_gq_llq: file changed as we read it
tar: SubProcesses/P1_gq_taptamq: file changed as we read it
tar: SubProcesses/P1_qq_llg: file changed as we read it
tar: SubProcesses/P1_qq_taptamg: file changed as we read it
tar: SubProcesses/P2_gg_llqq: file changed as we read it
tar: SubProcesses/P2_gg_taptamqq: file changed as we read it
tar: SubProcesses/P2_gq_llgq: file changed as we read it
tar: SubProcesses/P2_gq_taptamgq: file changed as we read it
tar: SubProcesses/P2_qq_llgg: file changed as we read it
tar: SubProcesses/P2_qq_llqq: file changed as we read it
tar: SubProcesses/P2_qq_taptamgg: file changed as we read it
tar: SubProcesses/P2_qq_taptamqq: file changed as we read it
tar: bin: file changed as we read it
tar: Events: file changed as we read it
+ [ True = True ]
+ date -u +%s
+ end_time_madgraph=1712563031
+ cp /afs/cern.ch/user/r/ryliu/public/simulation/cards/delphes_card.dat /afs/cern.ch/user/r/ryliu/public/simulation/cards/launchrun.dat /afs/cern.ch/user/r/ryliu/public/simulation/cards/muonLooseId.tcl /afs/cern.ch/user/r/ryliu/public/simulation/cards/muonMomentumResolution.tcl /afs/cern.ch/user/r/ryliu/public/simulation/cards/muonTightId.tcl /eos/project/f/foundational-model-dataset/samples/pu200_ryliu/DYJetsToLL_13TeV-madgraphMLM-pythia8-2000-3/Cards/
+ cp /afs/cern.ch/user/r/ryliu/public/simulation/processes/DYJetsToLL_13TeV-madgraphMLM-pythia8/DYJetsToLL_13TeV-madgraphMLM-pythia8_run_card.dat /eos/project/f/foundational-model-dataset/samples/pu200_ryliu/DYJetsToLL_13TeV-madgraphMLM-pythia8-2000-3/Cards/run_card.dat
+ [ -e /afs/cern.ch/user/r/ryliu/public/simulation/processes/DYJetsToLL_13TeV-madgraphMLM-pythia8/DYJetsToLL_13TeV-madgraphMLM-pythia8_cuts.f ]
+ [ -e /afs/cern.ch/user/r/ryliu/public/simulation/processes/DYJetsToLL_13TeV-madgraphMLM-pythia8/DYJetsToLL_13TeV-madgraphMLM-pythia8_FKS_params.dat ]
+ [ -e /afs/cern.ch/user/r/ryliu/public/simulation/processes/DYJetsToLL_13TeV-madgraphMLM-pythia8/DYJetsToLL_13TeV-madgraphMLM-pythia8_setscales.f ]
+ [ -e /afs/cern.ch/user/r/ryliu/public/simulation/processes/DYJetsToLL_13TeV-madgraphMLM-pythia8/DYJetsToLL_13TeV-madgraphMLM-pythia8_reweight_xsec.f ]
+ [ -e /afs/cern.ch/user/r/ryliu/public/simulation/processes/DYJetsToLL_13TeV-madgraphMLM-pythia8/DYJetsToLL_13TeV-madgraphMLM-pythia8_reweight_card.dat ]
+ [ -e /afs/cern.ch/user/r/ryliu/public/simulation/processes/DYJetsToLL_13TeV-madgraphMLM-pythia8/DYJetsToLL_13TeV-madgraphMLM-pythia8_param_card.dat ]
+ [ -e /afs/cern.ch/user/r/ryliu/public/simulation/processes/DYJetsToLL_13TeV-madgraphMLM-pythia8/DYJetsToLL_13TeV-madgraphMLM-pythia8_madspin_card.dat ]
+ echo set nevents 2000
+ [ -e /afs/cern.ch/user/r/ryliu/public/simulation/processes/DYJetsToLL_13TeV-madgraphMLM-pythia8/DYJetsToLL_13TeV-madgraphMLM-pythia8_customizecards.dat ]
+ echo done
+ sed -i -e s@_NEVENTS_@2000@g /eos/project/f/foundational-model-dataset/samples/pu200_ryliu/DYJetsToLL_13TeV-madgraphMLM-pythia8-2000-3/Cards/run_card.dat
+ sed -i -e s@_PileUpFile_@/afs/cern.ch/user/r/ryliu/public/simulation/MinBias_100k.pileup@g /eos/project/f/foundational-model-dataset/samples/pu200_ryliu/DYJetsToLL_13TeV-madgraphMLM-pythia8-2000-3/Cards/delphes_card.dat
+ sed -i -e s@_ISEED_@3@g /eos/project/f/foundational-model-dataset/samples/pu200_ryliu/DYJetsToLL_13TeV-madgraphMLM-pythia8-2000-3/Cards/run_card.dat
+ [ True = True ]
+ date -u +%s
+ start_time_pythia_delphes=1712563032
+ /eos/project/f/foundational-model-dataset/samples/pu200_ryliu/DYJetsToLL_13TeV-madgraphMLM-pythia8-2000-3/bin/madevent /eos/project/f/foundational-model-dataset/samples/pu200_ryliu/DYJetsToLL_13TeV-madgraphMLM-pythia8-2000-3/Cards/launchrun.dat
stty: 'standard input': Inappropriate ioctl for device
+ [ True = True ]
+ date -u +%s
+ end_time_pythia_delphes=1712565179
+ cd /eos/project/f/foundational-model-dataset/samples/pu200_ryliu/DYJetsToLL_13TeV-madgraphMLM-pythia8-2000-3
+ mv Events/run_01/Dyjets_delphes_events.root .
+ ls .
+ grep -xvi validation_plots\|.*root
+ xargs rm -r
+ [ True = True ]
+ python3 /afs/cern.ch/user/r/ryliu/public/simulation/make_plots.py -p /eos/project/f/foundational-model-dataset/samples/pu200_ryliu/DYJetsToLL_13TeV-madgraphMLM-pythia8-2000-3/ -v /afs/cern.ch/user/r/ryliu/public/simulation/validation_config.yaml
+ date -u +%s
+ end_time=1712565220
+ elapsed_madgraph=95
+ elapsed_pythia_delphes=2147
+ elapsed_total=2284
+ echo Time madgraph: 95 seconds
+ echo Time pythia+delphes: 2147 seconds
+ echo Time end-to-end execution: 2284
+ echo Done!
