+ proc=tt0123j_5f_ckm_LO_MLM_leptonic
+ nevts=2000
+ seed=30004
+ outdir=/eos/project/f/foundational-model-dataset/samples/pu200_ryliu
+ simdir=/afs/cern.ch/user/r/ryliu/public/simulation
+ is_test=True
+ [ True = True ]
+ date -u +%s
+ start_time=1712562942
+ pwd
+ workdir=/pool/condor/dir_1703503
+ proc_outdir=/eos/project/f/foundational-model-dataset/samples/pu200_ryliu/tt0123j_5f_ckm_LO_MLM_leptonic-2000-30004
+ echo /eos/project/f/foundational-model-dataset/samples/pu200_ryliu/tt0123j_5f_ckm_LO_MLM_leptonic-2000-30004
+ echo workdir: /pool/condor/dir_1703503
+ echo args: tt0123j_5f_ckm_LO_MLM_leptonic 2000 30004 /eos/project/f/foundational-model-dataset/samples/pu200_ryliu /afs/cern.ch/user/r/ryliu/public/simulation True
+ [ ! -d /afs/cern.ch/user/r/ryliu/public/simulation/processes/tt0123j_5f_ckm_LO_MLM_leptonic ]
+ [ ! -e /afs/cern.ch/user/r/ryliu/public/simulation/processes/tt0123j_5f_ckm_LO_MLM_leptonic/tt0123j_5f_ckm_LO_MLM_leptonic_proc_card.dat ]
+ [ ! -e /afs/cern.ch/user/r/ryliu/public/simulation/processes/tt0123j_5f_ckm_LO_MLM_leptonic/tt0123j_5f_ckm_LO_MLM_leptonic_run_card.dat ]
+ [ True = True ]
+ date -u +%s
+ start_time_madgraph=1712562942
+ mkdir -p /eos/project/f/foundational-model-dataset/samples/pu200_ryliu/tt0123j_5f_ckm_LO_MLM_leptonic-2000-30004/
+ rm -r /eos/project/f/foundational-model-dataset/samples/pu200_ryliu/tt0123j_5f_ckm_LO_MLM_leptonic-2000-30004/SubProcesses
+ cp /afs/cern.ch/user/r/ryliu/public/simulation/processes/tt0123j_5f_ckm_LO_MLM_leptonic/tt0123j_5f_ckm_LO_MLM_leptonic_proc_card.dat /eos/project/f/foundational-model-dataset/samples/pu200_ryliu/tt0123j_5f_ckm_LO_MLM_leptonic-2000-30004/proc_card.dat
+ sed -i -e s@_OUTDIR_@/eos/project/f/foundational-model-dataset/samples/pu200_ryliu/tt0123j_5f_ckm_LO_MLM_leptonic-2000-30004@g /eos/project/f/foundational-model-dataset/samples/pu200_ryliu/tt0123j_5f_ckm_LO_MLM_leptonic-2000-30004/proc_card.dat
+ /usr/local/MG5_aMC_v3_5_3/bin/mg5_aMC /eos/project/f/foundational-model-dataset/samples/pu200_ryliu/tt0123j_5f_ckm_LO_MLM_leptonic-2000-30004/proc_card.dat
tar: Cards: file changed as we read it
tar: SubProcesses/P0_gg_ttx_t_wpq_wp_lvl_tx_wmq_wm_lvl: file changed as we read it
tar: SubProcesses/P0_gg_ttx_t_wpq_wp_lvl_tx_wmq_wm_tamvl: file changed as we read it
tar: SubProcesses/P0_gg_ttx_t_wpq_wp_tapvl_tx_wmq_wm_lvl: file changed as we read it
tar: SubProcesses/P0_gg_ttx_t_wpq_wp_tapvl_tx_wmq_wm_tamvl: file changed as we read it
tar: SubProcesses/P0_qq_ttx_t_wpq_wp_lvl_tx_wmq_wm_lvl: file changed as we read it
tar: SubProcesses/P0_qq_ttx_t_wpq_wp_lvl_tx_wmq_wm_tamvl: file changed as we read it
tar: SubProcesses/P0_qq_ttx_t_wpq_wp_tapvl_tx_wmq_wm_lvl: file changed as we read it
tar: SubProcesses/P0_qq_ttx_t_wpq_wp_tapvl_tx_wmq_wm_tamvl: file changed as we read it
tar: SubProcesses/P1_gg_ttxg_t_wpq_wp_lvl_tx_wmq_wm_lvl: file changed as we read it
tar: SubProcesses/P1_gg_ttxg_t_wpq_wp_lvl_tx_wmq_wm_tamvl: file changed as we read it
tar: SubProcesses/P1_gg_ttxg_t_wpq_wp_tapvl_tx_wmq_wm_lvl: file changed as we read it
tar: SubProcesses/P1_gg_ttxg_t_wpq_wp_tapvl_tx_wmq_wm_tamvl: file changed as we read it
tar: SubProcesses/P1_gq_ttxq_t_wpq_wp_lvl_tx_wmq_wm_lvl: file changed as we read it
tar: SubProcesses/P1_gq_ttxq_t_wpq_wp_lvl_tx_wmq_wm_tamvl: file changed as we read it
tar: SubProcesses/P1_gq_ttxq_t_wpq_wp_tapvl_tx_wmq_wm_lvl: file changed as we read it
tar: SubProcesses/P1_gq_ttxq_t_wpq_wp_tapvl_tx_wmq_wm_tamvl: file changed as we read it
tar: SubProcesses/P1_qq_ttxg_t_wpq_wp_lvl_tx_wmq_wm_lvl: file changed as we read it
tar: SubProcesses/P1_qq_ttxg_t_wpq_wp_lvl_tx_wmq_wm_tamvl: file changed as we read it
tar: SubProcesses/P1_qq_ttxg_t_wpq_wp_tapvl_tx_wmq_wm_lvl: file changed as we read it
tar: SubProcesses/P1_qq_ttxg_t_wpq_wp_tapvl_tx_wmq_wm_tamvl: file changed as we read it
tar: SubProcesses/P2_gg_ttxgg_t_wpq_wp_lvl_tx_wmq_wm_lvl: file changed as we read it
tar: SubProcesses/P2_gg_ttxgg_t_wpq_wp_lvl_tx_wmq_wm_tamvl: file changed as we read it
tar: SubProcesses/P2_gg_ttxgg_t_wpq_wp_tapvl_tx_wmq_wm_lvl: file changed as we read it
tar: SubProcesses/P2_gg_ttxgg_t_wpq_wp_tapvl_tx_wmq_wm_tamvl: file changed as we read it
tar: SubProcesses/P2_gg_ttxqq_t_wpq_wp_lvl_tx_wmq_wm_lvl: file changed as we read it
tar: SubProcesses/P2_gg_ttxqq_t_wpq_wp_lvl_tx_wmq_wm_tamvl: file changed as we read it
tar: SubProcesses/P2_gg_ttxqq_t_wpq_wp_tapvl_tx_wmq_wm_lvl: file changed as we read it
tar: SubProcesses/P2_gg_ttxqq_t_wpq_wp_tapvl_tx_wmq_wm_tamvl: file changed as we read it
tar: SubProcesses/P2_gq_ttxgq_t_wpq_wp_lvl_tx_wmq_wm_lvl: file changed as we read it
tar: SubProcesses/P2_gq_ttxgq_t_wpq_wp_lvl_tx_wmq_wm_tamvl: file changed as we read it
tar: SubProcesses/P2_gq_ttxgq_t_wpq_wp_tapvl_tx_wmq_wm_lvl: file changed as we read it
tar: SubProcesses/P2_gq_ttxgq_t_wpq_wp_tapvl_tx_wmq_wm_tamvl: file changed as we read it
tar: SubProcesses/P2_qq_ttxgg_t_wpq_wp_lvl_tx_wmq_wm_lvl: file changed as we read it
tar: SubProcesses/P2_qq_ttxgg_t_wpq_wp_lvl_tx_wmq_wm_tamvl: file changed as we read it
tar: SubProcesses/P2_qq_ttxgg_t_wpq_wp_tapvl_tx_wmq_wm_lvl: file changed as we read it
tar: SubProcesses/P2_qq_ttxgg_t_wpq_wp_tapvl_tx_wmq_wm_tamvl: file changed as we read it
tar: SubProcesses/P2_qq_ttxqq_t_wpq_wp_lvl_tx_wmq_wm_lvl: file changed as we read it
tar: SubProcesses/P2_qq_ttxqq_t_wpq_wp_lvl_tx_wmq_wm_tamvl: file changed as we read it
tar: SubProcesses/P2_qq_ttxqq_t_wpq_wp_tapvl_tx_wmq_wm_lvl: file changed as we read it
tar: SubProcesses/P2_qq_ttxqq_t_wpq_wp_tapvl_tx_wmq_wm_tamvl: file changed as we read it
tar: bin: file changed as we read it
tar: Events: file changed as we read it
+ [ True = True ]
+ date -u +%s
+ end_time_madgraph=1712563141
+ cp /afs/cern.ch/user/r/ryliu/public/simulation/cards/delphes_card.dat /afs/cern.ch/user/r/ryliu/public/simulation/cards/launchrun.dat /afs/cern.ch/user/r/ryliu/public/simulation/cards/muonLooseId.tcl /afs/cern.ch/user/r/ryliu/public/simulation/cards/muonMomentumResolution.tcl /afs/cern.ch/user/r/ryliu/public/simulation/cards/muonTightId.tcl /eos/project/f/foundational-model-dataset/samples/pu200_ryliu/tt0123j_5f_ckm_LO_MLM_leptonic-2000-30004/Cards/
+ cp /afs/cern.ch/user/r/ryliu/public/simulation/processes/tt0123j_5f_ckm_LO_MLM_leptonic/tt0123j_5f_ckm_LO_MLM_leptonic_run_card.dat /eos/project/f/foundational-model-dataset/samples/pu200_ryliu/tt0123j_5f_ckm_LO_MLM_leptonic-2000-30004/Cards/run_card.dat
+ [ -e /afs/cern.ch/user/r/ryliu/public/simulation/processes/tt0123j_5f_ckm_LO_MLM_leptonic/tt0123j_5f_ckm_LO_MLM_leptonic_cuts.f ]
+ [ -e /afs/cern.ch/user/r/ryliu/public/simulation/processes/tt0123j_5f_ckm_LO_MLM_leptonic/tt0123j_5f_ckm_LO_MLM_leptonic_FKS_params.dat ]
+ [ -e /afs/cern.ch/user/r/ryliu/public/simulation/processes/tt0123j_5f_ckm_LO_MLM_leptonic/tt0123j_5f_ckm_LO_MLM_leptonic_setscales.f ]
+ [ -e /afs/cern.ch/user/r/ryliu/public/simulation/processes/tt0123j_5f_ckm_LO_MLM_leptonic/tt0123j_5f_ckm_LO_MLM_leptonic_reweight_xsec.f ]
+ [ -e /afs/cern.ch/user/r/ryliu/public/simulation/processes/tt0123j_5f_ckm_LO_MLM_leptonic/tt0123j_5f_ckm_LO_MLM_leptonic_reweight_card.dat ]
+ [ -e /afs/cern.ch/user/r/ryliu/public/simulation/processes/tt0123j_5f_ckm_LO_MLM_leptonic/tt0123j_5f_ckm_LO_MLM_leptonic_param_card.dat ]
+ [ -e /afs/cern.ch/user/r/ryliu/public/simulation/processes/tt0123j_5f_ckm_LO_MLM_leptonic/tt0123j_5f_ckm_LO_MLM_leptonic_madspin_card.dat ]
+ echo set nevents 2000
+ [ -e /afs/cern.ch/user/r/ryliu/public/simulation/processes/tt0123j_5f_ckm_LO_MLM_leptonic/tt0123j_5f_ckm_LO_MLM_leptonic_customizecards.dat ]
+ cat /afs/cern.ch/user/r/ryliu/public/simulation/processes/tt0123j_5f_ckm_LO_MLM_leptonic/tt0123j_5f_ckm_LO_MLM_leptonic_customizecards.dat
+ sed /^$/d;/^#.*$/d
+ echo 
+ echo done
+ sed -i -e s@_NEVENTS_@2000@g /eos/project/f/foundational-model-dataset/samples/pu200_ryliu/tt0123j_5f_ckm_LO_MLM_leptonic-2000-30004/Cards/run_card.dat
+ sed -i -e s@_PileUpFile_@/afs/cern.ch/user/r/ryliu/public/simulation/MinBias_100k.pileup@g /eos/project/f/foundational-model-dataset/samples/pu200_ryliu/tt0123j_5f_ckm_LO_MLM_leptonic-2000-30004/Cards/delphes_card.dat
+ sed -i -e s@_ISEED_@30004@g /eos/project/f/foundational-model-dataset/samples/pu200_ryliu/tt0123j_5f_ckm_LO_MLM_leptonic-2000-30004/Cards/run_card.dat
+ [ True = True ]
+ date -u +%s
+ start_time_pythia_delphes=1712563142
+ /eos/project/f/foundational-model-dataset/samples/pu200_ryliu/tt0123j_5f_ckm_LO_MLM_leptonic-2000-30004/bin/madevent /eos/project/f/foundational-model-dataset/samples/pu200_ryliu/tt0123j_5f_ckm_LO_MLM_leptonic-2000-30004/Cards/launchrun.dat
stty: 'standard input': Inappropriate ioctl for device
+ [ True = True ]
+ date -u +%s
+ end_time_pythia_delphes=1712566440
+ cd /eos/project/f/foundational-model-dataset/samples/pu200_ryliu/tt0123j_5f_ckm_LO_MLM_leptonic-2000-30004
+ mv Events/run_01/tag_1_delphes_events.root .
+ ls .
+ grep -xvi validation_plots\|.*root
+ xargs rm -r
+ [ True = True ]
+ python3 /afs/cern.ch/user/r/ryliu/public/simulation/make_plots.py -p /eos/project/f/foundational-model-dataset/samples/pu200_ryliu/tt0123j_5f_ckm_LO_MLM_leptonic-2000-30004/ -v /afs/cern.ch/user/r/ryliu/public/simulation/validation_config.yaml
+ date -u +%s
+ end_time=1712567125
+ elapsed_madgraph=199
+ elapsed_pythia_delphes=3298
+ elapsed_total=4183
+ echo Time madgraph: 199 seconds
+ echo Time pythia+delphes: 3298 seconds
+ echo Time end-to-end execution: 4183
+ echo Done!
