+ proc=WJetsToLNu_13TeV-madgraphMLM-pythia8
+ nevts=2000
+ seed=50001
+ outdir=/eos/project/f/foundational-model-dataset/samples/pu200_ryliu
+ simdir=/afs/cern.ch/user/r/ryliu/public/simulation
+ is_test=True
+ [ True = True ]
+ date -u +%s
+ start_time=1712562944
+ pwd
+ workdir=/pool/condor/dir_482433
+ proc_outdir=/eos/project/f/foundational-model-dataset/samples/pu200_ryliu/WJetsToLNu_13TeV-madgraphMLM-pythia8-2000-50001
+ echo /eos/project/f/foundational-model-dataset/samples/pu200_ryliu/WJetsToLNu_13TeV-madgraphMLM-pythia8-2000-50001
+ echo workdir: /pool/condor/dir_482433
+ echo args: WJetsToLNu_13TeV-madgraphMLM-pythia8 2000 50001 /eos/project/f/foundational-model-dataset/samples/pu200_ryliu /afs/cern.ch/user/r/ryliu/public/simulation True
+ [ ! -d /afs/cern.ch/user/r/ryliu/public/simulation/processes/WJetsToLNu_13TeV-madgraphMLM-pythia8 ]
+ [ ! -e /afs/cern.ch/user/r/ryliu/public/simulation/processes/WJetsToLNu_13TeV-madgraphMLM-pythia8/WJetsToLNu_13TeV-madgraphMLM-pythia8_proc_card.dat ]
+ [ ! -e /afs/cern.ch/user/r/ryliu/public/simulation/processes/WJetsToLNu_13TeV-madgraphMLM-pythia8/WJetsToLNu_13TeV-madgraphMLM-pythia8_run_card.dat ]
+ [ True = True ]
+ date -u +%s
+ start_time_madgraph=1712562944
+ mkdir -p /eos/project/f/foundational-model-dataset/samples/pu200_ryliu/WJetsToLNu_13TeV-madgraphMLM-pythia8-2000-50001/
+ rm -r /eos/project/f/foundational-model-dataset/samples/pu200_ryliu/WJetsToLNu_13TeV-madgraphMLM-pythia8-2000-50001/*
rm: cannot remove '/eos/project/f/foundational-model-dataset/samples/pu200_ryliu/WJetsToLNu_13TeV-madgraphMLM-pythia8-2000-50001/*': No such file or directory
+ cp /afs/cern.ch/user/r/ryliu/public/simulation/processes/WJetsToLNu_13TeV-madgraphMLM-pythia8/WJetsToLNu_13TeV-madgraphMLM-pythia8_proc_card.dat /eos/project/f/foundational-model-dataset/samples/pu200_ryliu/WJetsToLNu_13TeV-madgraphMLM-pythia8-2000-50001/proc_card.dat
+ sed -i -e s@_OUTDIR_@/eos/project/f/foundational-model-dataset/samples/pu200_ryliu/WJetsToLNu_13TeV-madgraphMLM-pythia8-2000-50001@g /eos/project/f/foundational-model-dataset/samples/pu200_ryliu/WJetsToLNu_13TeV-madgraphMLM-pythia8-2000-50001/proc_card.dat
+ /usr/local/MG5_aMC_v3_5_3/bin/mg5_aMC /eos/project/f/foundational-model-dataset/samples/pu200_ryliu/WJetsToLNu_13TeV-madgraphMLM-pythia8-2000-50001/proc_card.dat
tar: Cards: file changed as we read it
tar: SubProcesses/P0_qq_lvl: file changed as we read it
tar: SubProcesses/P0_qq_tapvl: file changed as we read it
tar: SubProcesses/P1_gq_lvlq: file changed as we read it
tar: SubProcesses/P1_gq_tapvlq: file changed as we read it
tar: SubProcesses/P1_qq_lvlg: file changed as we read it
tar: SubProcesses/P1_qq_tapvlg: file changed as we read it
tar: SubProcesses/P2_gg_lvlqq: file changed as we read it
tar: SubProcesses/P2_gg_tapvlqq: file changed as we read it
tar: SubProcesses/P2_gq_lvlgq: file changed as we read it
tar: SubProcesses/P2_gq_tapvlgq: file changed as we read it
tar: SubProcesses/P2_qq_lvlgg: file changed as we read it
tar: SubProcesses/P2_qq_lvlqq: file changed as we read it
tar: SubProcesses/P2_qq_tapvlgg: file changed as we read it
tar: SubProcesses/P2_qq_tapvlqq: file changed as we read it
tar: SubProcesses/P5_qq_lvl: file changed as we read it
tar: SubProcesses/P5_qq_tamvl: file changed as we read it
tar: SubProcesses/P6_gq_lvlq: file changed as we read it
tar: SubProcesses/P6_gq_tamvlq: file changed as we read it
tar: SubProcesses/P6_qq_lvlg: file changed as we read it
tar: SubProcesses/P6_qq_tamvlg: file changed as we read it
tar: SubProcesses/P7_gg_lvlqq: file changed as we read it
tar: SubProcesses/P7_gg_tamvlqq: file changed as we read it
tar: SubProcesses/P7_gq_lvlgq: file changed as we read it
tar: SubProcesses/P7_gq_tamvlgq: file changed as we read it
tar: SubProcesses/P7_qq_lvlgg: file changed as we read it
tar: SubProcesses/P7_qq_lvlqq: file changed as we read it
tar: SubProcesses/P7_qq_tamvlgg: file changed as we read it
tar: SubProcesses/P7_qq_tamvlqq: file changed as we read it
tar: bin: file changed as we read it
tar: Events: file changed as we read it
+ [ True = True ]
+ date -u +%s
+ end_time_madgraph=1712563324
+ cp /afs/cern.ch/user/r/ryliu/public/simulation/cards/delphes_card.dat /afs/cern.ch/user/r/ryliu/public/simulation/cards/launchrun.dat /afs/cern.ch/user/r/ryliu/public/simulation/cards/muonLooseId.tcl /afs/cern.ch/user/r/ryliu/public/simulation/cards/muonMomentumResolution.tcl /afs/cern.ch/user/r/ryliu/public/simulation/cards/muonTightId.tcl /eos/project/f/foundational-model-dataset/samples/pu200_ryliu/WJetsToLNu_13TeV-madgraphMLM-pythia8-2000-50001/Cards/
+ cp /afs/cern.ch/user/r/ryliu/public/simulation/processes/WJetsToLNu_13TeV-madgraphMLM-pythia8/WJetsToLNu_13TeV-madgraphMLM-pythia8_run_card.dat /eos/project/f/foundational-model-dataset/samples/pu200_ryliu/WJetsToLNu_13TeV-madgraphMLM-pythia8-2000-50001/Cards/run_card.dat
+ [ -e /afs/cern.ch/user/r/ryliu/public/simulation/processes/WJetsToLNu_13TeV-madgraphMLM-pythia8/WJetsToLNu_13TeV-madgraphMLM-pythia8_cuts.f ]
+ [ -e /afs/cern.ch/user/r/ryliu/public/simulation/processes/WJetsToLNu_13TeV-madgraphMLM-pythia8/WJetsToLNu_13TeV-madgraphMLM-pythia8_FKS_params.dat ]
+ [ -e /afs/cern.ch/user/r/ryliu/public/simulation/processes/WJetsToLNu_13TeV-madgraphMLM-pythia8/WJetsToLNu_13TeV-madgraphMLM-pythia8_setscales.f ]
+ [ -e /afs/cern.ch/user/r/ryliu/public/simulation/processes/WJetsToLNu_13TeV-madgraphMLM-pythia8/WJetsToLNu_13TeV-madgraphMLM-pythia8_reweight_xsec.f ]
+ [ -e /afs/cern.ch/user/r/ryliu/public/simulation/processes/WJetsToLNu_13TeV-madgraphMLM-pythia8/WJetsToLNu_13TeV-madgraphMLM-pythia8_reweight_card.dat ]
+ [ -e /afs/cern.ch/user/r/ryliu/public/simulation/processes/WJetsToLNu_13TeV-madgraphMLM-pythia8/WJetsToLNu_13TeV-madgraphMLM-pythia8_param_card.dat ]
+ [ -e /afs/cern.ch/user/r/ryliu/public/simulation/processes/WJetsToLNu_13TeV-madgraphMLM-pythia8/WJetsToLNu_13TeV-madgraphMLM-pythia8_madspin_card.dat ]
+ echo set nevents 2000
+ [ -e /afs/cern.ch/user/r/ryliu/public/simulation/processes/WJetsToLNu_13TeV-madgraphMLM-pythia8/WJetsToLNu_13TeV-madgraphMLM-pythia8_customizecards.dat ]
+ echo done
+ sed -i -e s@_NEVENTS_@2000@g /eos/project/f/foundational-model-dataset/samples/pu200_ryliu/WJetsToLNu_13TeV-madgraphMLM-pythia8-2000-50001/Cards/run_card.dat
+ sed -i -e s@_PileUpFile_@/afs/cern.ch/user/r/ryliu/public/simulation/MinBias_100k.pileup@g /eos/project/f/foundational-model-dataset/samples/pu200_ryliu/WJetsToLNu_13TeV-madgraphMLM-pythia8-2000-50001/Cards/delphes_card.dat
+ sed -i -e s@_ISEED_@50001@g /eos/project/f/foundational-model-dataset/samples/pu200_ryliu/WJetsToLNu_13TeV-madgraphMLM-pythia8-2000-50001/Cards/run_card.dat
+ [ True = True ]
+ date -u +%s
+ start_time_pythia_delphes=1712563324
+ /eos/project/f/foundational-model-dataset/samples/pu200_ryliu/WJetsToLNu_13TeV-madgraphMLM-pythia8-2000-50001/bin/madevent /eos/project/f/foundational-model-dataset/samples/pu200_ryliu/WJetsToLNu_13TeV-madgraphMLM-pythia8-2000-50001/Cards/launchrun.dat
stty: 'standard input': Inappropriate ioctl for device
+ [ True = True ]
+ date -u +%s
+ end_time_pythia_delphes=1712565810
+ cd /eos/project/f/foundational-model-dataset/samples/pu200_ryliu/WJetsToLNu_13TeV-madgraphMLM-pythia8-2000-50001
+ mv Events/run_01/WJets_delphes_events.root .
+ ls .
+ grep -xvi validation_plots\|.*root
+ xargs rm -r
+ [ True = True ]
+ python3 /afs/cern.ch/user/r/ryliu/public/simulation/make_plots.py -p /eos/project/f/foundational-model-dataset/samples/pu200_ryliu/WJetsToLNu_13TeV-madgraphMLM-pythia8-2000-50001/ -v /afs/cern.ch/user/r/ryliu/public/simulation/validation_config.yaml
+ date -u +%s
+ end_time=1712565899
+ elapsed_madgraph=380
+ elapsed_pythia_delphes=2486
+ elapsed_total=2955
+ echo Time madgraph: 380 seconds
+ echo Time pythia+delphes: 2486 seconds
+ echo Time end-to-end execution: 2955
+ echo Done!
