+ proc=tt0123j_5f_ckm_LO_MLM_hadronic
+ nevts=2000
+ seed=20002
+ outdir=/eos/project/f/foundational-model-dataset/samples/pu200_ryliu
+ simdir=/afs/cern.ch/user/r/ryliu/public/simulation
+ is_test=True
+ [ True = True ]
+ date -u +%s
+ start_time=1712562936
+ pwd
+ workdir=/pool/condor/dir_2218010
+ proc_outdir=/eos/project/f/foundational-model-dataset/samples/pu200_ryliu/tt0123j_5f_ckm_LO_MLM_hadronic-2000-20002
+ echo /eos/project/f/foundational-model-dataset/samples/pu200_ryliu/tt0123j_5f_ckm_LO_MLM_hadronic-2000-20002
+ echo workdir: /pool/condor/dir_2218010
+ echo args: tt0123j_5f_ckm_LO_MLM_hadronic 2000 20002 /eos/project/f/foundational-model-dataset/samples/pu200_ryliu /afs/cern.ch/user/r/ryliu/public/simulation True
+ [ ! -d /afs/cern.ch/user/r/ryliu/public/simulation/processes/tt0123j_5f_ckm_LO_MLM_hadronic ]
+ [ ! -e /afs/cern.ch/user/r/ryliu/public/simulation/processes/tt0123j_5f_ckm_LO_MLM_hadronic/tt0123j_5f_ckm_LO_MLM_hadronic_proc_card.dat ]
+ [ ! -e /afs/cern.ch/user/r/ryliu/public/simulation/processes/tt0123j_5f_ckm_LO_MLM_hadronic/tt0123j_5f_ckm_LO_MLM_hadronic_run_card.dat ]
+ [ True = True ]
+ date -u +%s
+ start_time_madgraph=1712562936
+ mkdir -p /eos/project/f/foundational-model-dataset/samples/pu200_ryliu/tt0123j_5f_ckm_LO_MLM_hadronic-2000-20002/
+ rm -r /eos/project/f/foundational-model-dataset/samples/pu200_ryliu/tt0123j_5f_ckm_LO_MLM_hadronic-2000-20002/*
rm: cannot remove '/eos/project/f/foundational-model-dataset/samples/pu200_ryliu/tt0123j_5f_ckm_LO_MLM_hadronic-2000-20002/*': No such file or directory
+ cp /afs/cern.ch/user/r/ryliu/public/simulation/processes/tt0123j_5f_ckm_LO_MLM_hadronic/tt0123j_5f_ckm_LO_MLM_hadronic_proc_card.dat /eos/project/f/foundational-model-dataset/samples/pu200_ryliu/tt0123j_5f_ckm_LO_MLM_hadronic-2000-20002/proc_card.dat
+ sed -i -e s@_OUTDIR_@/eos/project/f/foundational-model-dataset/samples/pu200_ryliu/tt0123j_5f_ckm_LO_MLM_hadronic-2000-20002@g /eos/project/f/foundational-model-dataset/samples/pu200_ryliu/tt0123j_5f_ckm_LO_MLM_hadronic-2000-20002/proc_card.dat
+ /usr/local/MG5_aMC_v3_5_3/bin/mg5_aMC /eos/project/f/foundational-model-dataset/samples/pu200_ryliu/tt0123j_5f_ckm_LO_MLM_hadronic-2000-20002/proc_card.dat
tar: Cards: file changed as we read it
tar: Source: file changed as we read it
+ [ True = True ]
+ date -u +%s
+ end_time_madgraph=1712563856
+ cp /afs/cern.ch/user/r/ryliu/public/simulation/cards/delphes_card.dat /afs/cern.ch/user/r/ryliu/public/simulation/cards/launchrun.dat /afs/cern.ch/user/r/ryliu/public/simulation/cards/muonLooseId.tcl /afs/cern.ch/user/r/ryliu/public/simulation/cards/muonMomentumResolution.tcl /afs/cern.ch/user/r/ryliu/public/simulation/cards/muonTightId.tcl /eos/project/f/foundational-model-dataset/samples/pu200_ryliu/tt0123j_5f_ckm_LO_MLM_hadronic-2000-20002/Cards/
+ cp /afs/cern.ch/user/r/ryliu/public/simulation/processes/tt0123j_5f_ckm_LO_MLM_hadronic/tt0123j_5f_ckm_LO_MLM_hadronic_run_card.dat /eos/project/f/foundational-model-dataset/samples/pu200_ryliu/tt0123j_5f_ckm_LO_MLM_hadronic-2000-20002/Cards/run_card.dat
+ [ -e /afs/cern.ch/user/r/ryliu/public/simulation/processes/tt0123j_5f_ckm_LO_MLM_hadronic/tt0123j_5f_ckm_LO_MLM_hadronic_cuts.f ]
+ [ -e /afs/cern.ch/user/r/ryliu/public/simulation/processes/tt0123j_5f_ckm_LO_MLM_hadronic/tt0123j_5f_ckm_LO_MLM_hadronic_FKS_params.dat ]
+ [ -e /afs/cern.ch/user/r/ryliu/public/simulation/processes/tt0123j_5f_ckm_LO_MLM_hadronic/tt0123j_5f_ckm_LO_MLM_hadronic_setscales.f ]
+ [ -e /afs/cern.ch/user/r/ryliu/public/simulation/processes/tt0123j_5f_ckm_LO_MLM_hadronic/tt0123j_5f_ckm_LO_MLM_hadronic_reweight_xsec.f ]
+ [ -e /afs/cern.ch/user/r/ryliu/public/simulation/processes/tt0123j_5f_ckm_LO_MLM_hadronic/tt0123j_5f_ckm_LO_MLM_hadronic_reweight_card.dat ]
+ [ -e /afs/cern.ch/user/r/ryliu/public/simulation/processes/tt0123j_5f_ckm_LO_MLM_hadronic/tt0123j_5f_ckm_LO_MLM_hadronic_param_card.dat ]
+ [ -e /afs/cern.ch/user/r/ryliu/public/simulation/processes/tt0123j_5f_ckm_LO_MLM_hadronic/tt0123j_5f_ckm_LO_MLM_hadronic_madspin_card.dat ]
+ echo set nevents 2000
+ [ -e /afs/cern.ch/user/r/ryliu/public/simulation/processes/tt0123j_5f_ckm_LO_MLM_hadronic/tt0123j_5f_ckm_LO_MLM_hadronic_customizecards.dat ]
+ cat /afs/cern.ch/user/r/ryliu/public/simulation/processes/tt0123j_5f_ckm_LO_MLM_hadronic/tt0123j_5f_ckm_LO_MLM_hadronic_customizecards.dat
+ sed /^$/d;/^#.*$/d
+ echo 
+ echo done
+ sed -i -e s@_NEVENTS_@2000@g /eos/project/f/foundational-model-dataset/samples/pu200_ryliu/tt0123j_5f_ckm_LO_MLM_hadronic-2000-20002/Cards/run_card.dat
+ sed -i -e s@_PileUpFile_@/afs/cern.ch/user/r/ryliu/public/simulation/MinBias_100k.pileup@g /eos/project/f/foundational-model-dataset/samples/pu200_ryliu/tt0123j_5f_ckm_LO_MLM_hadronic-2000-20002/Cards/delphes_card.dat
+ sed -i -e s@_ISEED_@20002@g /eos/project/f/foundational-model-dataset/samples/pu200_ryliu/tt0123j_5f_ckm_LO_MLM_hadronic-2000-20002/Cards/run_card.dat
+ [ True = True ]
+ date -u +%s
+ start_time_pythia_delphes=1712563857
+ /eos/project/f/foundational-model-dataset/samples/pu200_ryliu/tt0123j_5f_ckm_LO_MLM_hadronic-2000-20002/bin/madevent /eos/project/f/foundational-model-dataset/samples/pu200_ryliu/tt0123j_5f_ckm_LO_MLM_hadronic-2000-20002/Cards/launchrun.dat
stty: 'standard input': Inappropriate ioctl for device
+ [ True = True ]
+ date -u +%s
+ end_time_pythia_delphes=1712568062
+ cd /eos/project/f/foundational-model-dataset/samples/pu200_ryliu/tt0123j_5f_ckm_LO_MLM_hadronic-2000-20002
+ mv Events/run_01/tag_1_delphes_events.root .
+ ls .
+ grep -xvi validation_plots\|.*root
+ xargs rm -r
+ [ True = True ]
+ python3 /afs/cern.ch/user/r/ryliu/public/simulation/make_plots.py -p /eos/project/f/foundational-model-dataset/samples/pu200_ryliu/tt0123j_5f_ckm_LO_MLM_hadronic-2000-20002/ -v /afs/cern.ch/user/r/ryliu/public/simulation/validation_config.yaml
+ date -u +%s
+ end_time=1712568130
+ elapsed_madgraph=920
+ elapsed_pythia_delphes=4205
+ elapsed_total=5194
+ echo Time madgraph: 920 seconds
+ echo Time pythia+delphes: 4205 seconds
+ echo Time end-to-end execution: 5194
+ echo Done!
