+ proc=tt0123j_5f_ckm_LO_MLM_semiLeptonic
+ nevts=2000
+ seed=40001
+ outdir=/eos/project/f/foundational-model-dataset/samples/pu200_ryliu
+ simdir=/afs/cern.ch/user/r/ryliu/public/simulation
+ is_test=True
+ [ True = True ]
+ date -u +%s
+ start_time=1712562942
+ pwd
+ workdir=/pool/condor/dir_1829436
+ proc_outdir=/eos/project/f/foundational-model-dataset/samples/pu200_ryliu/tt0123j_5f_ckm_LO_MLM_semiLeptonic-2000-40001
+ echo /eos/project/f/foundational-model-dataset/samples/pu200_ryliu/tt0123j_5f_ckm_LO_MLM_semiLeptonic-2000-40001
+ echo workdir: /pool/condor/dir_1829436
+ echo args: tt0123j_5f_ckm_LO_MLM_semiLeptonic 2000 40001 /eos/project/f/foundational-model-dataset/samples/pu200_ryliu /afs/cern.ch/user/r/ryliu/public/simulation True
+ [ ! -d /afs/cern.ch/user/r/ryliu/public/simulation/processes/tt0123j_5f_ckm_LO_MLM_semiLeptonic ]
+ [ ! -e /afs/cern.ch/user/r/ryliu/public/simulation/processes/tt0123j_5f_ckm_LO_MLM_semiLeptonic/tt0123j_5f_ckm_LO_MLM_semiLeptonic_proc_card.dat ]
+ [ ! -e /afs/cern.ch/user/r/ryliu/public/simulation/processes/tt0123j_5f_ckm_LO_MLM_semiLeptonic/tt0123j_5f_ckm_LO_MLM_semiLeptonic_run_card.dat ]
+ [ True = True ]
+ date -u +%s
+ start_time_madgraph=1712562942
+ mkdir -p /eos/project/f/foundational-model-dataset/samples/pu200_ryliu/tt0123j_5f_ckm_LO_MLM_semiLeptonic-2000-40001/
+ rm -r /eos/project/f/foundational-model-dataset/samples/pu200_ryliu/tt0123j_5f_ckm_LO_MLM_semiLeptonic-2000-40001/bin
+ cp /afs/cern.ch/user/r/ryliu/public/simulation/processes/tt0123j_5f_ckm_LO_MLM_semiLeptonic/tt0123j_5f_ckm_LO_MLM_semiLeptonic_proc_card.dat /eos/project/f/foundational-model-dataset/samples/pu200_ryliu/tt0123j_5f_ckm_LO_MLM_semiLeptonic-2000-40001/proc_card.dat
+ sed -i -e s@_OUTDIR_@/eos/project/f/foundational-model-dataset/samples/pu200_ryliu/tt0123j_5f_ckm_LO_MLM_semiLeptonic-2000-40001@g /eos/project/f/foundational-model-dataset/samples/pu200_ryliu/tt0123j_5f_ckm_LO_MLM_semiLeptonic-2000-40001/proc_card.dat
+ /usr/local/MG5_aMC_v3_5_3/bin/mg5_aMC /eos/project/f/foundational-model-dataset/samples/pu200_ryliu/tt0123j_5f_ckm_LO_MLM_semiLeptonic-2000-40001/proc_card.dat
tar: Cards: file changed as we read it
tar: Source: file changed as we read it
+ [ True = True ]
+ date -u +%s
+ end_time_madgraph=1712563354
+ cp /afs/cern.ch/user/r/ryliu/public/simulation/cards/delphes_card.dat /afs/cern.ch/user/r/ryliu/public/simulation/cards/launchrun.dat /afs/cern.ch/user/r/ryliu/public/simulation/cards/muonLooseId.tcl /afs/cern.ch/user/r/ryliu/public/simulation/cards/muonMomentumResolution.tcl /afs/cern.ch/user/r/ryliu/public/simulation/cards/muonTightId.tcl /eos/project/f/foundational-model-dataset/samples/pu200_ryliu/tt0123j_5f_ckm_LO_MLM_semiLeptonic-2000-40001/Cards/
+ cp /afs/cern.ch/user/r/ryliu/public/simulation/processes/tt0123j_5f_ckm_LO_MLM_semiLeptonic/tt0123j_5f_ckm_LO_MLM_semiLeptonic_run_card.dat /eos/project/f/foundational-model-dataset/samples/pu200_ryliu/tt0123j_5f_ckm_LO_MLM_semiLeptonic-2000-40001/Cards/run_card.dat
+ [ -e /afs/cern.ch/user/r/ryliu/public/simulation/processes/tt0123j_5f_ckm_LO_MLM_semiLeptonic/tt0123j_5f_ckm_LO_MLM_semiLeptonic_cuts.f ]
+ [ -e /afs/cern.ch/user/r/ryliu/public/simulation/processes/tt0123j_5f_ckm_LO_MLM_semiLeptonic/tt0123j_5f_ckm_LO_MLM_semiLeptonic_FKS_params.dat ]
+ [ -e /afs/cern.ch/user/r/ryliu/public/simulation/processes/tt0123j_5f_ckm_LO_MLM_semiLeptonic/tt0123j_5f_ckm_LO_MLM_semiLeptonic_setscales.f ]
+ [ -e /afs/cern.ch/user/r/ryliu/public/simulation/processes/tt0123j_5f_ckm_LO_MLM_semiLeptonic/tt0123j_5f_ckm_LO_MLM_semiLeptonic_reweight_xsec.f ]
+ [ -e /afs/cern.ch/user/r/ryliu/public/simulation/processes/tt0123j_5f_ckm_LO_MLM_semiLeptonic/tt0123j_5f_ckm_LO_MLM_semiLeptonic_reweight_card.dat ]
+ [ -e /afs/cern.ch/user/r/ryliu/public/simulation/processes/tt0123j_5f_ckm_LO_MLM_semiLeptonic/tt0123j_5f_ckm_LO_MLM_semiLeptonic_param_card.dat ]
+ [ -e /afs/cern.ch/user/r/ryliu/public/simulation/processes/tt0123j_5f_ckm_LO_MLM_semiLeptonic/tt0123j_5f_ckm_LO_MLM_semiLeptonic_madspin_card.dat ]
+ echo set nevents 2000
+ [ -e /afs/cern.ch/user/r/ryliu/public/simulation/processes/tt0123j_5f_ckm_LO_MLM_semiLeptonic/tt0123j_5f_ckm_LO_MLM_semiLeptonic_customizecards.dat ]
+ cat /afs/cern.ch/user/r/ryliu/public/simulation/processes/tt0123j_5f_ckm_LO_MLM_semiLeptonic/tt0123j_5f_ckm_LO_MLM_semiLeptonic_customizecards.dat
+ sed /^$/d;/^#.*$/d
+ echo 
+ echo done
+ sed -i -e s@_NEVENTS_@2000@g /eos/project/f/foundational-model-dataset/samples/pu200_ryliu/tt0123j_5f_ckm_LO_MLM_semiLeptonic-2000-40001/Cards/run_card.dat
+ sed -i -e s@_PileUpFile_@/afs/cern.ch/user/r/ryliu/public/simulation/MinBias_100k.pileup@g /eos/project/f/foundational-model-dataset/samples/pu200_ryliu/tt0123j_5f_ckm_LO_MLM_semiLeptonic-2000-40001/Cards/delphes_card.dat
+ sed -i -e s@_ISEED_@40001@g /eos/project/f/foundational-model-dataset/samples/pu200_ryliu/tt0123j_5f_ckm_LO_MLM_semiLeptonic-2000-40001/Cards/run_card.dat
+ [ True = True ]
+ date -u +%s
+ start_time_pythia_delphes=1712563355
+ /eos/project/f/foundational-model-dataset/samples/pu200_ryliu/tt0123j_5f_ckm_LO_MLM_semiLeptonic-2000-40001/bin/madevent /eos/project/f/foundational-model-dataset/samples/pu200_ryliu/tt0123j_5f_ckm_LO_MLM_semiLeptonic-2000-40001/Cards/launchrun.dat
stty: 'standard input': Inappropriate ioctl for device
+ [ True = True ]
+ date -u +%s
+ end_time_pythia_delphes=1712566666
+ cd /eos/project/f/foundational-model-dataset/samples/pu200_ryliu/tt0123j_5f_ckm_LO_MLM_semiLeptonic-2000-40001
+ mv Events/run_01/tag_1_delphes_events.root .
+ ls .
+ grep -xvi validation_plots\|.*root
+ xargs rm -r
+ [ True = True ]
+ python3 /afs/cern.ch/user/r/ryliu/public/simulation/make_plots.py -p /eos/project/f/foundational-model-dataset/samples/pu200_ryliu/tt0123j_5f_ckm_LO_MLM_semiLeptonic-2000-40001/ -v /afs/cern.ch/user/r/ryliu/public/simulation/validation_config.yaml
+ date -u +%s
+ end_time=1712567231
+ elapsed_madgraph=412
+ elapsed_pythia_delphes=3311
+ elapsed_total=4289
+ echo Time madgraph: 412 seconds
+ echo Time pythia+delphes: 3311 seconds
+ echo Time end-to-end execution: 4289
+ echo Done!
