+ proc=QCD_HT50toInf
+ nevts=2000
+ seed=10002
+ outdir=/eos/project/f/foundational-model-dataset/samples/pu200_ryliu
+ simdir=/afs/cern.ch/user/r/ryliu/public/simulation
+ is_test=True
+ [ True = True ]
+ date -u +%s
+ start_time=1712562937
+ pwd
+ workdir=/pool/condor/dir_2543403
+ proc_outdir=/eos/project/f/foundational-model-dataset/samples/pu200_ryliu/QCD_HT50toInf-2000-10002
+ echo /eos/project/f/foundational-model-dataset/samples/pu200_ryliu/QCD_HT50toInf-2000-10002
+ echo workdir: /pool/condor/dir_2543403
+ echo args: QCD_HT50toInf 2000 10002 /eos/project/f/foundational-model-dataset/samples/pu200_ryliu /afs/cern.ch/user/r/ryliu/public/simulation True
+ [ ! -d /afs/cern.ch/user/r/ryliu/public/simulation/processes/QCD_HT50toInf ]
+ [ ! -e /afs/cern.ch/user/r/ryliu/public/simulation/processes/QCD_HT50toInf/QCD_HT50toInf_proc_card.dat ]
+ [ ! -e /afs/cern.ch/user/r/ryliu/public/simulation/processes/QCD_HT50toInf/QCD_HT50toInf_run_card.dat ]
+ [ True = True ]
+ date -u +%s
+ start_time_madgraph=1712562937
+ mkdir -p /eos/project/f/foundational-model-dataset/samples/pu200_ryliu/QCD_HT50toInf-2000-10002/
+ rm -r /eos/project/f/foundational-model-dataset/samples/pu200_ryliu/QCD_HT50toInf-2000-10002/*
rm: cannot remove '/eos/project/f/foundational-model-dataset/samples/pu200_ryliu/QCD_HT50toInf-2000-10002/*': No such file or directory
+ cp /afs/cern.ch/user/r/ryliu/public/simulation/processes/QCD_HT50toInf/QCD_HT50toInf_proc_card.dat /eos/project/f/foundational-model-dataset/samples/pu200_ryliu/QCD_HT50toInf-2000-10002/proc_card.dat
+ sed -i -e s@_OUTDIR_@/eos/project/f/foundational-model-dataset/samples/pu200_ryliu/QCD_HT50toInf-2000-10002@g /eos/project/f/foundational-model-dataset/samples/pu200_ryliu/QCD_HT50toInf-2000-10002/proc_card.dat
+ /usr/local/MG5_aMC_v3_5_3/bin/mg5_aMC /eos/project/f/foundational-model-dataset/samples/pu200_ryliu/QCD_HT50toInf-2000-10002/proc_card.dat
tar: Cards: file changed as we read it
tar: SubProcesses/P0_gg_gg: file changed as we read it
tar: SubProcesses/P0_gg_qq: file changed as we read it
tar: SubProcesses/P0_gq_gq: file changed as we read it
tar: SubProcesses/P0_qq_gg: file changed as we read it
tar: SubProcesses/P0_qq_qq: file changed as we read it
tar: SubProcesses/P1_gg_ggg: file changed as we read it
tar: SubProcesses/P1_gg_gqq: file changed as we read it
tar: SubProcesses/P1_gq_ggq: file changed as we read it
tar: SubProcesses/P1_gq_qqq: file changed as we read it
tar: SubProcesses/P1_qq_ggg: file changed as we read it
tar: SubProcesses/P1_qq_gqq: file changed as we read it
tar: SubProcesses/P2_gg_gggg: file changed as we read it
tar: SubProcesses/P2_gg_ggqq: file changed as we read it
tar: SubProcesses/P2_gg_qqqq: file changed as we read it
tar: SubProcesses/P2_gq_gggq: file changed as we read it
tar: SubProcesses/P2_gq_gqqq: file changed as we read it
tar: SubProcesses/P2_qq_gggg: file changed as we read it
tar: SubProcesses/P2_qq_ggqq: file changed as we read it
tar: SubProcesses/P2_qq_qqqq: file changed as we read it
tar: bin: file changed as we read it
tar: Events: file changed as we read it
+ [ True = True ]
+ date -u +%s
+ end_time_madgraph=1712563091
+ cp /afs/cern.ch/user/r/ryliu/public/simulation/cards/delphes_card.dat /afs/cern.ch/user/r/ryliu/public/simulation/cards/launchrun.dat /afs/cern.ch/user/r/ryliu/public/simulation/cards/muonLooseId.tcl /afs/cern.ch/user/r/ryliu/public/simulation/cards/muonMomentumResolution.tcl /afs/cern.ch/user/r/ryliu/public/simulation/cards/muonTightId.tcl /eos/project/f/foundational-model-dataset/samples/pu200_ryliu/QCD_HT50toInf-2000-10002/Cards/
+ cp /afs/cern.ch/user/r/ryliu/public/simulation/processes/QCD_HT50toInf/QCD_HT50toInf_run_card.dat /eos/project/f/foundational-model-dataset/samples/pu200_ryliu/QCD_HT50toInf-2000-10002/Cards/run_card.dat
+ [ -e /afs/cern.ch/user/r/ryliu/public/simulation/processes/QCD_HT50toInf/QCD_HT50toInf_cuts.f ]
+ [ -e /afs/cern.ch/user/r/ryliu/public/simulation/processes/QCD_HT50toInf/QCD_HT50toInf_FKS_params.dat ]
+ [ -e /afs/cern.ch/user/r/ryliu/public/simulation/processes/QCD_HT50toInf/QCD_HT50toInf_setscales.f ]
+ [ -e /afs/cern.ch/user/r/ryliu/public/simulation/processes/QCD_HT50toInf/QCD_HT50toInf_reweight_xsec.f ]
+ [ -e /afs/cern.ch/user/r/ryliu/public/simulation/processes/QCD_HT50toInf/QCD_HT50toInf_reweight_card.dat ]
+ [ -e /afs/cern.ch/user/r/ryliu/public/simulation/processes/QCD_HT50toInf/QCD_HT50toInf_param_card.dat ]
+ [ -e /afs/cern.ch/user/r/ryliu/public/simulation/processes/QCD_HT50toInf/QCD_HT50toInf_madspin_card.dat ]
+ echo set nevents 2000
+ [ -e /afs/cern.ch/user/r/ryliu/public/simulation/processes/QCD_HT50toInf/QCD_HT50toInf_customizecards.dat ]
+ echo done
+ sed -i -e s@_NEVENTS_@2000@g /eos/project/f/foundational-model-dataset/samples/pu200_ryliu/QCD_HT50toInf-2000-10002/Cards/run_card.dat
+ sed -i -e s@_PileUpFile_@/afs/cern.ch/user/r/ryliu/public/simulation/MinBias_100k.pileup@g /eos/project/f/foundational-model-dataset/samples/pu200_ryliu/QCD_HT50toInf-2000-10002/Cards/delphes_card.dat
+ sed -i -e s@_ISEED_@10002@g /eos/project/f/foundational-model-dataset/samples/pu200_ryliu/QCD_HT50toInf-2000-10002/Cards/run_card.dat
+ [ True = True ]
+ date -u +%s
+ start_time_pythia_delphes=1712563091
+ /eos/project/f/foundational-model-dataset/samples/pu200_ryliu/QCD_HT50toInf-2000-10002/bin/madevent /eos/project/f/foundational-model-dataset/samples/pu200_ryliu/QCD_HT50toInf-2000-10002/Cards/launchrun.dat
stty: 'standard input': Inappropriate ioctl for device
+ [ True = True ]
+ date -u +%s
+ end_time_pythia_delphes=1712565098
+ cd /eos/project/f/foundational-model-dataset/samples/pu200_ryliu/QCD_HT50toInf-2000-10002
+ mv Events/run_01/QCD_HT_delphes_events.root .
+ ls .
+ grep -xvi validation_plots\|.*root
+ xargs rm -r
+ [ True = True ]
+ python3 /afs/cern.ch/user/r/ryliu/public/simulation/make_plots.py -p /eos/project/f/foundational-model-dataset/samples/pu200_ryliu/QCD_HT50toInf-2000-10002/ -v /afs/cern.ch/user/r/ryliu/public/simulation/validation_config.yaml
+ date -u +%s
+ end_time=1712565148
+ elapsed_madgraph=154
+ elapsed_pythia_delphes=2007
+ elapsed_total=2211
+ echo Time madgraph: 154 seconds
+ echo Time pythia+delphes: 2007 seconds
+ echo Time end-to-end execution: 2211
+ echo Done!
